npm notice run @ppos/control-plane@1.9.5 build
npm notice run vite build
NODE_ENV=production is not supported in the .env file. Only NODE_ENV=development is supported to create a development build of your project. If you need to set process.env.NODE_ENV, you can set it in the Vite config instead.
[36mvite v6.4.2 [32mbuilding for production...[36m[39m
transforming...
[32m✓[39m 3557 modules transformed.
rendering chunks...
computing gzip size...
[2mdist/[22m[32massets/favicon-BSvESAho.svg       [39m[1m[2m    1.46 kB[22m[1m[22m[2m │ gzip:   0.73 kB[22m
[2mdist/[22m[32mindex.html                        [39m[1m[2m    2.03 kB[22m[1m[22m[2m │ gzip:   0.80 kB[22m
[2mdist/[22m[35massets/index-CgsPkVHm.css         [39m[1m[2m  319.76 kB[22m[1m[22m[2m │ gzip:  43.55 kB[22m
[2mdist/[22m[36massets/vendor-router--EAYNkjI.js  [39m[1m[2m   38.21 kB[22m[1m[22m[2m │ gzip:  13.79 kB[22m
[2mdist/[22m[36massets/vendor-data-DCAy2JXq.js    [39m[1m[2m   53.34 kB[22m[1m[22m[2m │ gzip:  21.52 kB[22m
[2mdist/[22m[36massets/vendor-icons-C1bXvJH-.js   [39m[1m[2m  124.84 kB[22m[1m[22m[2m │ gzip:  21.77 kB[22m
[2mdist/[22m[36massets/vendor-react-rkJnIKN2.js   [39m[1m[2m  194.25 kB[22m[1m[22m[2m │ gzip:  60.73 kB[22m
[2mdist/[22m[36massets/index-DIXy1gxx.js          [39m[1m[33m3,593.85 kB[39m[22m[2m │ gzip: 707.12 kB[22m
[33m
(!) Some chunks are larger than 600 kB after minification. Consider:
- Using dynamic import() to code-split the application
- Use build.rollupOptions.output.manualChunks to improve chunking: https://rollupjs.org/configuration-options/#output-manualchunks
- Adjust chunk size limit for this warning via build.chunkSizeWarningLimit.[39m
[32m✓ built in 14.36s[39m
